{
  "events": [
    {
      "defined_class": "AppMap.Test.Code.Values",
      "event": "call",
      "id": 1,
      "method_id": "Generic<!!0>",
      "static": true
    },
    {
      "event": "return",
      "id": 2,
      "parent_id": 1,
      "return_value": {
        "class": "MVAR",
        "value": "testing"
      }
    },
    {
      "defined_class": "AppMap.Test.Code.Values",
      "event": "call",
      "id": 3,
      "method_id": "Generic<!!0>",
      "static": true
    },
    {
      "event": "return",
      "id": 4,
      "parent_id": 3,
      "return_value": {
        "class": "MVAR",
        "value": null
      }
    },
    {
      "defined_class": "AppMap.Test.Code.Values",
      "event": "call",
      "id": 5,
      "method_id": "Generic<!!0>",
      "static": true
    },
    {
      "event": "return",
      "id": 6,
      "parent_id": 5,
      "return_value": {
        "class": "MVAR",
        "value": "00000000-0000-0000-0000-000000000000"
      }
    }
  ]
}
